// Jest Snapshot v1, https://goo.gl/fbAQLP

exports[`Pruebas en <AppRouter /> debe de mostrar el login si no est√° autenticado 1`] = `ShallowWrapper {}`;
